
[1m[46m RUN [49m[22m [36mv4.1.1 [39m[90mC:/Users/HR Gadget/Desktop/PetAd-Frontend[39m

 [32m✓[39m src/components/ui/Skeleton.test.tsx [2m([22m[2m5 tests[22m[2m)[22m[32m 81[2mms[22m[39m

[2m Test Files [22m [1m[32m1 passed[39m[22m[90m (1)[39m
[2m      Tests [22m [1m[32m5 passed[39m[22m[90m (5)[39m
[2m   Start at [22m 14:20:19
[2m   Duration [22m 3.60s[2m (transform 108ms, setup 616ms, import 117ms, tests 81ms, environment 2.40s)[22m

