src/mocks/handlers/adoption.ts(3,3): error TS6196: 'AdoptionTimelineEntry' is declared but never used.
src/pages/AdoptionTimelinePage.tsx(30,30): error TS2345: Argument of type 'AdoptionTimelineEntry' is not assignable to parameter of type 'TimelineEntry'.
  Types of property 'fromStatus' are incompatible.
    Type 'AdoptionStatus | undefined' is not assignable to type 'AdoptionStatus | null'.
      Type 'undefined' is not assignable to type 'AdoptionStatus | null'.
src/pages/AdoptionTimelinePage.tsx(32,30): error TS2345: Argument of type 'AdoptionTimelineEntry' is not assignable to parameter of type 'TimelineEntry'.
  Types of property 'fromStatus' are incompatible.
    Type 'AdoptionStatus | undefined' is not assignable to type 'AdoptionStatus | null'.
      Type 'undefined' is not assignable to type 'AdoptionStatus | null'.
src/pages/AdoptionTimelinePage.tsx(34,30): error TS2345: Argument of type 'AdoptionTimelineEntry' is not assignable to parameter of type 'TimelineEntry'.
  Types of property 'fromStatus' are incompatible.
    Type 'AdoptionStatus | undefined' is not assignable to type 'AdoptionStatus | null'.
      Type 'undefined' is not assignable to type 'AdoptionStatus | null'.
